{
  "errors": [
    {
      "message": "Only one type of ID can be specified in input.",
      "locations": [
        {
          "line": 3,
          "column": 21
        }
      ],
      "path": [
        "updateOneCustomer"
      ]
    }
  ],
  "data": {
    "updateOneCustomer": null
  }
}
