{
  "errors": [
    {
      "message": "Invalid GUID provided for ContactId.",
      "locations": [
        {
          "line": 1,
          "column": 12
        }
      ],
      "path": [
        "updateOneCustomer"
      ]
    }
  ],
  "data": {
    "updateOneCustomer": null
  }
}