
{
  "data": {
    "updateUser": {
      "name": "Martin",
      "id": 1
    }
  }
}
