{
  "data": {
    "createUser": {
      "name": "Martin",
      "id": 0
    }
  }
}
