{
  "data": {
    "user": {
      "name": "Martin",
      "id": 0
    }
  }
}
